Stack Allocation = 4096 bytes

 Start  Stop   Length Name                   Class
 00000H 01429H 0142AH CDP_TEXT               CODE
 0142AH 01F21H 00AF8H CDP00_TEXT             CODE
 01F22H 02EDFH 00FBEH CDP01_TEXT             CODE
 02EE0H 0527FH 023A0H CDP02_TEXT             CODE
 05280H 05CABH 00A2CH ASYNC_TEXT             CODE
 05CACH 05CEBH 00040H KBFLUSH_TEXT           CODE
 05CECH 05D21H 00036H KBGETKEY_TEXT          CODE
 05D22H 05D50H 0002FH KBREADY_TEXT           CODE
 05D52H 05D52H 00000H KBSCANOF_TEXT          CODE
 05D52H 05DE7H 00096H MNATR_TEXT             CODE
 05DE8H 05F23H 0013CH MNCREATE_TEXT          CODE
 05F24H 05F89H 00066H MNDEFKEY_TEXT          CODE
 05F8AH 06047H 000BEH MNDISABL_TEXT          CODE
 06048H 060B3H 0006CH MNDLITMS_TEXT          CODE
 060B4H 0611FH 0006CH MNDLKEYS_TEXT          CODE
 06120H 06179H 0005AH MNDSPLAY_TEXT          CODE
 0617AH 06255H 000DCH MNDSTROY_TEXT          CODE
 06256H 0635BH 00106H MNFINDSL_TEXT          CODE
 0635CH 06749H 003EEH MNITEM_TEXT            CODE
 0674AH 06829H 000E0H MNITMKEY_TEXT          CODE
 0682AH 06BBBH 00392H MNKEY_TEXT             CODE
 06BBCH 06CB7H 000FCH MNMCHITM_TEXT          CODE
 06CB8H 06E55H 0019EH MNMCHKEY_TEXT          CODE
 06E56H 06FD7H 00182H MNREAD_TEXT            CODE
 06FD8H 07971H 0099AH MNREADX_TEXT           CODE
 07972H 079A7H 00036H MNVALMNU_TEXT          CODE
 079A8H 07A03H 0005CH SCATTRIB_TEXT          CODE
 07A04H 07CC1H 002BEH SCBOX_TEXT             CODE
 07CC2H 07E19H 00158H SCCHGDEV_TEXT          CODE
 07E1AH 07EA1H 00088H SCCURSET_TEXT          CODE
 07EA2H 07F0DH 0006CH SCCURST_TEXT           CODE
 07F0EH 081DDH 002D0H SCEQUIP_TEXT           CODE
 081DEH 08265H 00088H SCMODE_TEXT            CODE
 08266H 085E7H 00382H SCNEWDEV_TEXT          CODE
 085E8H 085E8H 00000H SCPAGE_TEXT            CODE
 085E8H 0871DH 00136H SCPAGES_TEXT           CODE
 0871EH 08875H 00158H SCPGCUR_TEXT           CODE
 08876H 088CFH 0005AH SCROWS_TEXT            CODE
 088D0H 0890FH 00040H SCTTYWRT_TEXT          CODE
 08910H 08A17H 00108H STPJUST_TEXT           CODE
 08A18H 08A38H 00021H UTAMOVE_TEXT           CODE
 08A3AH 08A97H 0005EH UTGETCLK_TEXT          CODE
 08A98H 08AC7H 00030H UTINTFLG_TEXT          CODE
 08AC8H 08AC8H 00000H UTMODEL_TEXT           CODE
 08AC8H 08BC3H 000FCH UTMOVMEM_TEXT          CODE
 08BC4H 08C45H 00082H UTNULCHK_TEXT          CODE
 08C46H 08CC5H 00080H UTSLEEP_TEXT           CODE
 08CC6H 08D51H 0008CH UTSPKR_TEXT            CODE
 08D52H 09070H 0031FH VIDIRECT_TEXT          CODE
 09072H 09109H 00098H VIPTR_TEXT             CODE
 0910AH 09231H 00128H VIRDRECT_TEXT          CODE
 09232H 0937FH 0014EH VIWRRECT_TEXT          CODE
 09380H 094E5H 00166H WNATRBLK_TEXT          CODE
 094E6H 09655H 00170H WNCOVER_TEXT           CODE
 09656H 097E5H 00190H WNCREATE_TEXT          CODE
 097E6H 098DDH 000F8H WNCURMOV_TEXT          CODE
 098DEH 09A5DH 00180H WNCURSOR_TEXT          CODE
 09A5EH 09CD9H 0027CH WNDSPLAY_TEXT          CODE
 09CDAH 09DEFH 00116H WNDSTROY_TEXT          CODE
 09DF0H 09E07H 00018H WNERROR_TEXT           CODE
 09E08H 09F05H 000FEH WNFORGET_TEXT          CODE
 09F06H 09FB1H 000ACH WNGETIMG_TEXT          CODE
 09FB2H 0A611H 00660H WNHIDE_TEXT            CODE
 0A612H 0A65DH 0004CH WNNEEDUP_TEXT          CODE
 0A65EH 0A6E3H 00086H WNNUPBLK_TEXT          CODE
 0A6E4H 0A747H 00064H WNOVRLAP_TEXT          CODE
 0A748H 0A841H 000FAH WNPGADD_TEXT           CODE
 0A842H 0A96BH 0012AH WNPGREM_TEXT           CODE
 0A96CH 0AA95H 0012AH WNPIMBLK_TEXT          CODE
 0AA96H 0AB7DH 000E8H WNPRINTF_TEXT          CODE
 0AB7EH 0B017H 0049AH WNPUTBOR_TEXT          CODE
 0B018H 0B0C7H 000B0H WNPUTIMG_TEXT          CODE
 0B0C8H 0B271H 001AAH WNREDRAW_TEXT          CODE
 0B272H 0B319H 000A8H WNREMOVE_TEXT          CODE
 0B31AH 0B771H 00458H WNSCRBLK_TEXT          CODE
 0B772H 0B825H 000B4H WNSELDEV_TEXT          CODE
 0B826H 0B89FH 0007AH WNSELECT_TEXT          CODE
 0B8A0H 0B91DH 0007EH WNSETBUF_TEXT          CODE
 0B91EH 0BBFFH 002E2H WNSETOPT_TEXT          CODE
 0BC00H 0BE3FH 00240H WNUNHIDE_TEXT          CODE
 0BE40H 0BF89H 0014AH WNUPBLK_TEXT           CODE
 0BF8AH 0C0C7H 0013EH WNUPDATE_TEXT          CODE
 0C0C8H 0C0FDH 00036H WNVALNOD_TEXT          CODE
 0C0FEH 0C133H 00036H WNVALWIN_TEXT          CODE
 0C134H 0C399H 00266H WNWRBUF_TEXT           CODE
 0C39AH 0C6DFH 00346H WNWRSTRN_TEXT          CODE
 0C6E0H 0F875H 03196H CODE                   CODE
 0F876H 15108H 05893H _TEXT                  CODE
 15110H 1763FH 02530H EMULATOR_TEXT          CODE
 17640H 17640H 00000H C_ETEXT                ENDCODE
 17640H 17640H 00000H FAR_HDR                FAR_MSG
 17640H 17640H 00000H FAR_MSG                FAR_MSG
 17640H 17640H 00000H FAR_PAD                FAR_MSG
 17640H 17640H 00000H FAR_EPAD               FAR_MSG
 17640H 177AFH 00170H EMULATOR_DATA          FAR_DATA
 177B0H 177D3H 00024H FAR_BSS                FAR_BSS
 177E0H 17821H 00042H NULL                   BEGDATA
 17822H 1B6A5H 03E84H _DATA                  DATA
 1B6A6H 1B6A6H 00000H XIFB                   DATA
 1B6A6H 1B6A9H 00004H XIF                    DATA
 1B6AAH 1B6AAH 00000H XIFE                   DATA
 1B6AAH 1B6AAH 00000H XCFB                   DATA
 1B6AAH 1B6ADH 00004H XCF                    DATA
 1B6AEH 1B6AEH 00000H XCFE                   DATA
 1B6AEH 1B6AEH 00000H XIB                    DATA
 1B6AEH 1B6B5H 00008H XI                     DATA
 1B6B6H 1B6B6H 00000H XIE                    DATA
 1B6B6H 1B6C3H 0000EH CDATA                  DATA
 1B6C4H 1B6C4H 00000H XPB                    DATA
 1B6C4H 1B6C7H 00004H XP                     DATA
 1B6C8H 1B6C8H 00000H XPE                    DATA
 1B6C8H 1B6C8H 00000H XCB                    DATA
 1B6C8H 1B6C8H 00000H XC                     DATA
 1B6C8H 1B6C8H 00000H XCE                    DATA
 1B6C8H 1B6CBH 00004H EXEC                   DATA
 1B6CCH 1B851H 00186H CONST                  CONST
 1B852H 1B859H 00008H HDR                    MSG
 1B85AH 1BA1FH 001C6H MSG                    MSG
 1BA20H 1BA32H 00013H PAD                    MSG
 1BA33H 1BA33H 00001H EPAD                   MSG
 1BA34H 1C6FBH 00CC8H _BSS                   BSS
 1C6FCH 1C6FCH 00000H XOB                    BSS
 1C6FCH 1C6FCH 00000H XO                     BSS
 1C6FCH 1C6FCH 00000H XOE                    BSS
 1C700H 1C700H 00000H c_common               BSS
 1C700H 1D6FFH 01000H STACK                  STACK

 Origin   Group
 177E:0   DGROUP
 1764:0   FMGROUP

Program entry point at 0F87:0016
